// Jest Snapshot v1, https://goo.gl/fbAQLP

exports[`The question detail component The display element Should not regress 1`] = `[Function]`;
